---
source: tests/render.rs
expression: "render(30, 12, fixture())"
---
 main ↑2 ↓0 ●            ↻ 2m 
 ▾ Changes (5) ────────────── 
 ?? notes.md                  
  D old.rs                    
 +3 more                      
 ▾ Activity ───────────────── 
 04:43 commit 4de1e3c icons:… 
 +3 more                      
 ▸ Commits                 ↑2 
 ▸ Branches (4)               
 ▸ Stashes (1)                
 ? help  f fetch  q quit
