---
source: tests/render.rs
expression: out
---
 ‹ back  a                             ↻ 2m 
── Staged ──────────────────────────────────
@@ ╭ gitst ─────────────────────────────╮╌╌╌
-us│ click       open · button          │   
+us│ wheel       scroll                 │   
   │ right-click back                   │   
── │                                    │───
@@ │ j k ↑ ↓     move · scroll          │╌╌╌
   │ enter l     open                   │   
-  │ esc h       back                   │   
+  │ space pgdn  page down              │   
\ N│ pgup        page up                │   
   │ g G         top / bottom           │   
   │ w           wrap long lines        │   
   │ s           possible secrets       │   
   │ f           fetch now              │   
   │ ?           close help             │   
   │ q           quit                   │   
   ╰────────────────────────────────────╯   
                                            
                                            
 esc back  w wrap  q quit
