---
source: tests/render.rs
expression: "draw(&mut app, 44, 22)"
---
 main ↑2 ↓0 ●                          ↻ 2m 
 origin/main · v0.1.9+4 · stash 1           
╭ ▾ Changes (5) ────────────────── +64 −12 ╮
│ ?? notes.md                   +3 ■■      │
│  ╭ gitst ─────────────────────────────╮  │
│  │ click       open · fold · button   │  │
│  │ wheel       scroll                 │  │
│ A│                                    │  │
╰──│ j k ↑ ↓     move                   │──╯
╭ ▾│ enter l     open · fold            │──╮
│ 0│ esc h       clear selection        │m │
│ 0│ tab         next section           │h │
│ 0│ space       fold section           │h │
│ 0│ g G         top / bottom           │h │
╰──│ f           fetch now              │──╯
╭ ▾│ ?           close help             │2 ╮
│ 4│ q           quit                   │m │
│ +╰────────────────────────────────────╯  │
╰──────────────────────────────────────────╯
  ▸ Branches (4)                            
  ▸ Stashes (1)                             
 ? help  f fetch  q quit
